
> @figma/my-make-file@0.0.1 build
> vite build

[36mvite v6.3.5 [32mbuilding for production...[36m[39m
transforming...
[32mΓ£ô[39m 2680 modules transformed.
rendering chunks...
computing gzip size...
[2mdist/[22m[32mindex.html                          [39m[1m[2m  0.87 kB[22m[1m[22m[2m Γöé gzip:   0.38 kB[22m
[2mdist/[22m[35massets/index-bmoAA2jA.css           [39m[1m[2m108.23 kB[22m[1m[22m[2m Γöé gzip:  16.82 kB[22m
[2mdist/[22m[36massets/vendor-utils-B-dksMZM.js     [39m[1m[2m  0.37 kB[22m[1m[22m[2m Γöé gzip:   0.24 kB[22m
[2mdist/[22m[36massets/vendor-mui-B7i2K1rY.js       [39m[1m[2m  1.05 kB[22m[1m[22m[2m Γöé gzip:   0.65 kB[22m
[2mdist/[22m[36massets/Login-BcqhvNI_.js            [39m[1m[2m  4.25 kB[22m[1m[22m[2m Γöé gzip:   1.63 kB[22m
[2mdist/[22m[36massets/Signup-CTk0urQC.js           [39m[1m[2m  4.73 kB[22m[1m[22m[2m Γöé gzip:   1.59 kB[22m
[2mdist/[22m[36massets/vendor-lucide-BAlElewJ.js    [39m[1m[2m 11.25 kB[22m[1m[22m[2m Γöé gzip:   2.82 kB[22m
[2mdist/[22m[36massets/Home-BlkEx0Xt.js             [39m[1m[2m 31.39 kB[22m[1m[22m[2m Γöé gzip:   8.48 kB[22m
[2mdist/[22m[36massets/index-DylIImlb.js            [39m[1m[2m 37.60 kB[22m[1m[22m[2m Γöé gzip:  11.00 kB[22m
[2mdist/[22m[36massets/vendor-d3-Dyxj2Jl_.js        [39m[1m[2m 62.79 kB[22m[1m[22m[2m Γöé gzip:  20.68 kB[22m
[2mdist/[22m[36massets/vendor-react-DqWUihIZ.js     [39m[1m[2m 94.15 kB[22m[1m[22m[2m Γöé gzip:  32.00 kB[22m
[2mdist/[22m[36massets/vendor-motion-CQhsUiTf.js    [39m[1m[2m 96.17 kB[22m[1m[22m[2m Γöé gzip:  31.76 kB[22m
[2mdist/[22m[36massets/proxy-BEOvY54_.js            [39m[1m[2m204.93 kB[22m[1m[22m[2m Γöé gzip:  55.83 kB[22m
[2mdist/[22m[36massets/vendor-recharts-C36uJO9q.js  [39m[1m[2m494.47 kB[22m[1m[22m[2m Γöé gzip: 136.23 kB[22m
[32mΓ£ô built in 22.27s[39m
