
> @figma/my-make-file@0.0.1 build
> vite build

[36mvite v6.3.5 [32mbuilding for production...[36m[39m
transforming...
[32mΓ£ô[39m 2642 modules transformed.
rendering chunks...
computing gzip size...
[2mdist/[22m[32mindex.html                          [39m[1m[2m  0.79 kB[22m[1m[22m[2m Γöé gzip:   0.37 kB[22m
[2mdist/[22m[35massets/index-bmoAA2jA.css           [39m[1m[2m108.23 kB[22m[1m[22m[2m Γöé gzip:  16.82 kB[22m
[2mdist/[22m[36massets/vendor-utils-B-dksMZM.js     [39m[1m[2m  0.37 kB[22m[1m[22m[2m Γöé gzip:   0.24 kB[22m
[2mdist/[22m[36massets/vendor-mui-2yFIBYRE.js       [39m[1m[2m  1.05 kB[22m[1m[22m[2m Γöé gzip:   0.65 kB[22m
[2mdist/[22m[36massets/Login-Do6t7tGz.js            [39m[1m[2m  4.32 kB[22m[1m[22m[2m Γöé gzip:   1.70 kB[22m
[2mdist/[22m[36massets/Signup-Csie2iOt.js           [39m[1m[2m  5.04 kB[22m[1m[22m[2m Γöé gzip:   1.76 kB[22m
[2mdist/[22m[36massets/vendor-lucide-BAlElewJ.js    [39m[1m[2m 11.25 kB[22m[1m[22m[2m Γöé gzip:   2.82 kB[22m
[2mdist/[22m[36massets/info-DkHBPI58.js             [39m[1m[2m 28.90 kB[22m[1m[22m[2m Γöé gzip:  10.00 kB[22m
[2mdist/[22m[36massets/Home-CjfXg4zv.js             [39m[1m[2m 31.02 kB[22m[1m[22m[2m Γöé gzip:   8.19 kB[22m
[2mdist/[22m[36massets/index-CRL4oR2R.js            [39m[1m[2m 37.53 kB[22m[1m[22m[2m Γöé gzip:  10.98 kB[22m
[2mdist/[22m[36massets/vendor-react-DqWUihIZ.js     [39m[1m[2m 94.15 kB[22m[1m[22m[2m Γöé gzip:  32.00 kB[22m
[2mdist/[22m[36massets/vendor-motion-CQhsUiTf.js    [39m[1m[2m 96.17 kB[22m[1m[22m[2m Γöé gzip:  31.76 kB[22m
[2mdist/[22m[36massets/vendor-recharts-Bm82glEa.js  [39m[1m[33m556.81 kB[39m[22m[2m Γöé gzip: 157.63 kB[22m
node.exe : [33m
At C:\nvm4w\nodejs\n
pm.ps1:29 char:3
+   & $NODE_EXE 
$NPM_CLI_JS $args
+   ~~~~~~~~~~~~~~~~
~~~~~~~~~~~~~
    + CategoryInfo  
            : NotS  
  pecified: ([33   
 m:String) [], R    
emoteException
    + FullyQualifie 
   dErrorId : Nati  
  veCommandError
 
(!) Some chunks are 
larger than 500 kB 
after minification. 
Consider:
- Using dynamic 
import() to 
code-split the 
application
- Use build.rollupOp
tions.output.manualC
hunks to improve 
chunking: https://ro
llupjs.org/configura
tion-options/#output
-manualchunks
- Adjust chunk size 
limit for this 
warning via build.ch
unkSizeWarningLimit.
[39m
[32mΓ£ô built in 21.16s[39m
